mode: set
github.com/sondoannam/go-ecommerce-backend-api/tests/basic/main.go:3.24,5.2 1 1
